
> @ngocky/api@1.0.0 test
> vitest run


[1m[46m RUN [49m[22m [36mv4.0.18 [39m[90m/Users/cong.bui/Kael/20-Projects/NgocKy/apps/api[39m

Prisma schema loaded from prisma/schema.test.prisma
Datasource "db": SQLite database "test.db" at "file:./test.db"

Already in sync, no schema change or pending migration was found.

[90mstdout[2m | src/test/phase2.test.ts
[22m[39m--- Setting up test database ---

 [32m✓[39m src/test/phase2.test.ts [2m([22m[2m2 tests[22m[2m)[22m[33m 1555[2mms[22m[39m
     [33m[2m✓[22m[39m should create and list an asset [33m 486[2mms[22m[39m
     [33m[2m✓[22m[39m should manage maintenance records for an asset [33m 451[2mms[22m[39m
Prisma schema loaded from prisma/schema.test.prisma
Datasource "db": SQLite database "test.db" at "file:./test.db"

Already in sync, no schema change or pending migration was found.

[90mstdout[2m | src/test/auth.test.ts
[22m[39m--- Setting up test database ---

 [32m✓[39m src/test/auth.test.ts [2m([22m[2m5 tests[22m[2m)[22m[33m 2641[2mms[22m[39m
     [33m[2m✓[22m[39m should login successfully with correct credentials [33m 472[2mms[22m[39m
     [33m[2m✓[22m[39m should fail login with incorrect password [33m 447[2mms[22m[39m
     [33m[2m✓[22m[39m should refresh tokens using a valid refresh token [33m 458[2mms[22m[39m
     [33m[2m✓[22m[39m should allow access to protected routes with valid JWT [33m 445[2mms[22m[39m
Prisma schema loaded from prisma/schema.test.prisma
Datasource "db": SQLite database "test.db" at "file:./test.db"

Already in sync, no schema change or pending migration was found.

[90mstdout[2m | src/test/goals.test.ts
[22m[39m--- Setting up test database ---

 [32m✓[39m src/test/goals.test.ts [2m([22m[2m4 tests[22m[2m)[22m[33m 2434[2mms[22m[39m
     [33m[2m✓[22m[39m should create a new goal [33m 471[2mms[22m[39m
     [33m[2m✓[22m[39m should list user goals [33m 451[2mms[22m[39m
     [33m[2m✓[22m[39m should record a check-in and increment goal progress [33m 454[2mms[22m[39m
     [33m[2m✓[22m[39m should decrement progress when a check-in is deleted [33m 455[2mms[22m[39m
Prisma schema loaded from prisma/schema.test.prisma
Datasource "db": SQLite database "test.db" at "file:./test.db"

Already in sync, no schema change or pending migration was found.

[90mstdout[2m | src/test/housework.test.ts
[22m[39m--- Setting up test database ---

 [32m✓[39m src/test/housework.test.ts [2m([22m[2m3 tests[22m[2m)[22m[33m 1966[2mms[22m[39m
     [33m[2m✓[22m[39m should create a recurring housework item [33m 470[2mms[22m[39m
     [33m[2m✓[22m[39m should advance nextDueDate when completing a recurring item [33m 454[2mms[22m[39m
     [33m[2m✓[22m[39m should deactivate a one-time housework item upon completion [33m 450[2mms[22m[39m

[2m Test Files [22m [1m[32m4 passed[39m[22m[90m (4)[39m
[2m      Tests [22m [1m[32m14 passed[39m[22m[90m (14)[39m
[2m   Start at [22m 16:50:08
[2m   Duration [22m 9.33s[2m (transform 128ms, setup 113ms, import 389ms, tests 8.60s, environment 0ms)[22m

